#-----------------------------------------------------------
# Vivado v2024.2 (64-bit)
# SW Build 5239630 on Fri Nov 08 22:35:27 MST 2024
# IP Build 5239520 on Sun Nov 10 16:12:51 MST 2024
# SharedData Build 5239561 on Fri Nov 08 14:39:27 MST 2024
# Start of session at: Sun Feb  1 11:43:54 2026
# Process ID         : 9304
# Current directory  : C:/Users/win10/Documents/C/SCPI/FPGA_RISC_V_Test/FPGA_Project/Risc_V_SCPI_FPGA_Test/Risc_V_SCPI_FPGA_Test.runs/impl_1
# Command line       : vivado.exe -log main_wrapper.vdi -applog -product Vivado -messageDb vivado.pb -mode batch -source main_wrapper.tcl -notrace
# Log file           : C:/Users/win10/Documents/C/SCPI/FPGA_RISC_V_Test/FPGA_Project/Risc_V_SCPI_FPGA_Test/Risc_V_SCPI_FPGA_Test.runs/impl_1/main_wrapper.vdi
# Journal file       : C:/Users/win10/Documents/C/SCPI/FPGA_RISC_V_Test/FPGA_Project/Risc_V_SCPI_FPGA_Test/Risc_V_SCPI_FPGA_Test.runs/impl_1\vivado.jou
# Running On         : DESKTOP-I3BS7O3
# Platform           : Windows Server 2016 or Windows 10
# Operating System   : 19045
# Processor Detail   : Intel(R) Core(TM) i5-7300U CPU @ 2.60GHz
# CPU Frequency      : 2712 MHz
# CPU Physical cores : 2
# CPU Logical cores  : 4
# Host memory        : 16995 MB
# Swap memory        : 2550 MB
# Total Virtual      : 19545 MB
# Available Virtual  : 6662 MB
#-----------------------------------------------------------
source main_wrapper.tcl -notrace
