../Core/Src/PET_488-2.c:30:6:PET_4882_Init	8	static
../Core/Src/PET_488-2.c:39:6:PET_4882_Recive_character	16	static
../Core/Src/PET_488-2.c:50:6:PET_4882_Send_response	16	static
../Core/Src/PET_488-2.c:63:6:PET_4882_Process	24	static
../Core/Src/PET_488-2.c:170:9:add_command_function_to_buffer	16	static
../Core/Src/PET_488-2.c:185:9:exacute_command_function	40	static
../Core/Src/PET_488-2.c:198:9:Decode_simple_command_program_header	32	static
../Core/Src/PET_488-2.c:225:9:Decode_common_command_program_header	32	static
../Core/Src/PET_488-2.c:252:9:Decode_compound_command_program_header	40	static
../Core/Src/PET_488-2.c:315:9:Find_maching_mnemonic	80	static
../Core/Src/PET_488-2.c:359:9:Decode_program_data	304	static
../Core/Src/PET_488-2.c:459:9:Decode_character_program_data	24	static
../Core/Src/PET_488-2.c:478:9:Decode_decimal_numeric_program_data	56	static
../Core/Src/PET_488-2.c:574:9:Decode_suffix_program_data	16	static
../Core/Src/PET_488-2.c:580:9:Decode_nondecmial_numeric_program_data	16	static
../Core/Src/PET_488-2.c:586:9:Decode_string_program_data	24	static
../Core/Src/PET_488-2.c:683:9:Decode_arbitrary_block_program_data	40	static
../Core/Src/PET_488-2.c:766:9:Decode_expression_program_data	16	static
../Core/Src/PET_488-2.c:775:6:Make_string_uppercase	16	static
../Core/Src/PET_488-2.c:787:6:Is_mnemonic_character	16	static
../Core/Src/PET_488-2.c:796:6:Is_digit	16	static
../Core/Src/PET_488-2.c:805:6:Step_thru_white_space	16	static
../Core/Src/PET_488-2.c:813:6:Is_white_space	16	static
../Core/Src/PET_488-2.c:823:6:Is_program_mnemonic_separator	16	static
../Core/Src/PET_488-2.c:832:6:Step_thru_program_mnemonic_separator	16	static
../Core/Src/PET_488-2.c:837:6:Step_thru_program_message_terminator	16	static
../Core/Src/PET_488-2.c:846:6:Is_program_message_terminator	16	static
../Core/Src/PET_488-2.c:855:6:Is_program_header_separator	16	static
../Core/Src/PET_488-2.c:860:6:Step_thru_program_header_separator	16	static
../Core/Src/PET_488-2.c:865:6:Is_program_data_separator	16	static
../Core/Src/PET_488-2.c:874:6:Step_thru_program_data_separator	16	static
../Core/Src/PET_488-2.c:879:6:Is_program_message_unit_separator	16	static
../Core/Src/PET_488-2.c:888:6:Step_thru_program_message_unit_separator	16	static
../Core/Src/PET_488-2.c:895:6:Input_FIFO_Init	16	static
../Core/Src/PET_488-2.c:904:9:Input_FIFO_Write	16	static
../Core/Src/PET_488-2.c:927:9:Input_FIFO_Read	16	static
../Core/Src/PET_488-2.c:950:9:Input_FIFO_Move_pointer	16	static
../Core/Src/PET_488-2.c:967:6:Output_FIFO_Init	16	static
../Core/Src/PET_488-2.c:976:9:Output_FIFO_Write	16	static
../Core/Src/PET_488-2.c:999:9:Output_FIFO_Read	16	static
../Core/Src/PET_488-2.c:1022:6:Program_Message_Terminator_FIFO_Init	16	static
../Core/Src/PET_488-2.c:1031:9:Program_Message_Terminator_FIFO_Write	16	static
../Core/Src/PET_488-2.c:1054:9:Program_Message_Terminator_FIFO_Read	16	static
